
> desertlaunch-landing@2.0.0 build
> next build

   ▲ Next.js 15.5.20

   Creating an optimized production build ...
 ✓ Compiled successfully in 3.2s
   Linting and checking validity of types ...
   Collecting page data ...
   Generating static pages (0/8) ...
   Generating static pages (2/8) 
   Generating static pages (4/8) 
   Generating static pages (6/8) 
 ✓ Generating static pages (8/8)
   Finalizing page optimization ...
   Collecting build traces ...
   Exporting (0/2) ...
 ✓ Exporting (2/2)

Route (app)                                 Size  First Load JS
┌ ○ /                                      119 B         106 kB
├ ○ /_not-found                            993 B         103 kB
├ ○ /ar                                    119 B         106 kB
├ ○ /de                                    118 B         106 kB
├ ○ /es                                    119 B         106 kB
└ ○ /fr                                    119 B         106 kB
+ First Load JS shared by all             102 kB
  ├ chunks/255-64e783496c90356a.js       46.3 kB
  ├ chunks/4bd1b696-c023c6e3521b1417.js  54.2 kB
  └ other shared chunks (total)           1.9 kB


○  (Static)  prerendered as static content

